// 同步 ID: 96f8915b @ Thu Jul 23 05:01:10 UTC 2026
// 同步 ID: 5e6372c8 @ Thu Jul 23 15:45:40 UTC 2026
// 重构日志: e5180b4c
// 重构日志: d129cfcf
// 重构日志: aebe260b
// 重构日志: 190c252a
// 同步 ID: fb0c436c @ Sat Jul 25 14:09:27 UTC 2026
// 重构日志: 7b0585f2
// 重构日志: 04a5fed7
// 重构日志: 51a430f3
// 重构日志: 86350b5e
// 重构日志: bd98bef2
// 同步 ID: a70416c9 @ Mon Jul 27 04:16:31 UTC 2026
// 重构日志: 0e732445
// 重构日志: f2d498cf
// 重构日志: 5d2c341f
// 同步 ID: 5d123900 @ Mon Jul 27 20:54:21 UTC 2026
// 重构日志: 451bd778
// 重构日志: 15eec8d9
// 同步 ID: 04c7ee94 @ Tue Jul 28 17:35:14 UTC 2026
// 重构日志: 046f8487
// 同步 ID: 198538f4 @ Wed Jul 29 15:20:02 UTC 2026
// 重构日志: 92732c86
// 重构日志: 84fb3dcc
// 重构日志: 2bf40a1c
// 重构日志: cb3dee06
// 重构日志: 70e4ccae
// 重构日志: ee66506c
// 重构日志: 20461410
// 同步 ID: e3c5f72d @ Tue Aug  4 16:21:11 UTC 2026
